// Jest Snapshot v1, https://goo.gl/fbAQLP

exports[`get public URL 1`] = `"http://localhost:8000/storage/v1/object/public/my-new-public-bucket/profiles/myUniqueUserId/profile.png"`;
